-esJrBWj2d8: 22 shots, prlvs_faithful 40.6, prlvs_repaired 43.6, random 47.5, importance_model 40.4
0tmA_C6XwfM: 17 shots, prlvs_faithful 28.9, prlvs_repaired 32.2, random 28.9, importance_model 37.6
37rzWOQsNIw: 20 shots, prlvs_faithful 46.4, prlvs_repaired 38.6, random 42.2, importance_model 35.4
3eYKfiOEJNs: 34 shots, prlvs_faithful 53.2, prlvs_repaired 60.4, random 61.4, importance_model 61.4
4wU_LUjG5Ic: 27 shots, prlvs_faithful 51.7, prlvs_repaired 45.0, random 46.3, importance_model 49.6
91IHQYk1IQM: 12 shots, prlvs_faithful 60.9, prlvs_repaired 59.5, random 60.0, importance_model 47.0
98MoyGZKHXc: 39 shots, prlvs_faithful 51.2, prlvs_repaired 43.2, random 54.2, importance_model 59.4
AwmHb44_ouw: 27 shots, prlvs_faithful 69.0, prlvs_repaired 57.9, random 70.3, importance_model 63.9
Bhxk-O1Y7Ho: 29 shots, prlvs_faithful 52.6, prlvs_repaired 67.0, random 72.9, importance_model 72.2
E11zDS9XGzg: 37 shots, prlvs_faithful 63.5, prlvs_repaired 53.3, random 54.6, importance_model 62.2
EE-bNr36nyA: 16 shots, prlvs_faithful 41.6, prlvs_repaired 37.0, random 42.0, importance_model 46.0
EYqVtI9YWJA: 20 shots, prlvs_faithful 40.3, prlvs_repaired 53.8, random 48.6, importance_model 56.2
GsAD1KT1xo8: 19 shots, prlvs_faithful 56.8, prlvs_repaired 50.8, random 65.0, importance_model 59.2
HT5vyqe0Xaw: 28 shots, prlvs_faithful 53.0, prlvs_repaired 43.8, random 55.1, importance_model 62.2
Hl-__g2gn_A: 21 shots, prlvs_faithful 51.8, prlvs_repaired 76.9, random 49.7, importance_model 81.7
J0nA4VgnoCo: 43 shots, prlvs_faithful 40.5, prlvs_repaired 40.5, random 46.1, importance_model 56.8
JKpqYvAdIsw: 19 shots, prlvs_faithful 54.3, prlvs_repaired 62.6, random 65.1, importance_model 52.5
JgHubY5Vw3Y: 21 shots, prlvs_faithful 42.9, prlvs_repaired 45.7, random 61.2, importance_model 57.6
LRw_obCPUt0: 32 shots, prlvs_faithful 50.1, prlvs_repaired 41.7, random 59.8, importance_model 59.1
NyBmCxDoHJU: 36 shots, prlvs_faithful 51.6, prlvs_repaired 41.7, random 45.5, importance_model 49.7
PJrm840pAUI: 43 shots, prlvs_faithful 40.4, prlvs_repaired 48.1, random 51.7, importance_model 45.6
RBCABdttQmI: 60 shots, prlvs_faithful 45.4, prlvs_repaired 47.9, random 52.3, importance_model 49.2
Se3oxnaPsz0: 26 shots, prlvs_faithful 52.3, prlvs_repaired 47.6, random 57.4, importance_model 53.8
VuWGsYPqAX8: 10 shots, prlvs_faithful 80.9, prlvs_repaired 81.6, random 80.9, importance_model 84.4
WG0MBPpPC6I: 20 shots, prlvs_faithful 90.3, prlvs_repaired 72.3, random 90.3, importance_model 74.1
WxtbjNsCQ8A: 28 shots, prlvs_faithful 46.8, prlvs_repaired 48.7, random 45.3, importance_model 54.6
XkqCExn6_Us: 24 shots, prlvs_faithful 69.0, prlvs_repaired 54.4, random 43.0, importance_model 49.2
XzYM3PfTM4w: 13 shots, prlvs_faithful 48.0, prlvs_repaired 22.0, random 22.0, importance_model 2.7
Yi4Ij2NM7U4: 19 shots, prlvs_faithful 59.3, prlvs_repaired 73.0, random 59.9, importance_model 73.0
_xMr-HKMfVA: 18 shots, prlvs_faithful 76.3, prlvs_repaired 65.4, random 76.3, importance_model 76.3
akI8YFjEmUw: 30 shots, prlvs_faithful 37.6, prlvs_repaired 31.9, random 38.1, importance_model 40.0
b626MiF1ew4: 25 shots, prlvs_faithful 47.2, prlvs_repaired 44.5, random 46.8, importance_model 57.3
byxOvuiIJV0: 5 shots, prlvs_faithful 100.0, prlvs_repaired 100.0, random 100.0, importance_model 100.0
cjibtmSLxQ4: 58 shots, prlvs_faithful 50.0, prlvs_repaired 64.8, random 67.8, importance_model 69.7
eQu1rNs0an0: 30 shots, prlvs_faithful 69.5, prlvs_repaired 59.0, random 69.5, importance_model 61.0
fWutDQy1nnY: 35 shots, prlvs_faithful 43.1, prlvs_repaired 45.2, random 45.5, importance_model 50.9
gzDbaEs1Rlg: 44 shots, prlvs_faithful 56.1, prlvs_repaired 45.4, random 55.7, importance_model 58.3
i3wAGJaaktw: 12 shots, prlvs_faithful 79.2, prlvs_repaired 42.6, random 65.3, importance_model 79.2
iVt07TCkFM0: 16 shots, prlvs_faithful 69.1, prlvs_repaired 52.8, random 44.8, importance_model 65.9
jcoYJXDG9sw: 25 shots, prlvs_faithful 47.8, prlvs_repaired 45.5, random 46.8, importance_model 44.7
kLxoNp-UchI: 28 shots, prlvs_faithful 44.8, prlvs_repaired 53.9, random 45.6, importance_model 51.2
oDXZc0tZe04: 33 shots, prlvs_faithful 42.7, prlvs_repaired 50.0, random 44.2, importance_model 48.6
qqR6AEXwxoQ: 4 shots, prlvs_faithful 100.0, prlvs_repaired 100.0, random 100.0, importance_model 100.0
sTEELN-vY30: 21 shots, prlvs_faithful 64.9, prlvs_repaired 81.0, random 43.0, importance_model 71.0
uGu_10sucQo: 27 shots, prlvs_faithful 49.1, prlvs_repaired 43.7, random 46.7, importance_model 50.4
vdmoEJ5YbrQ: 7 shots, prlvs_faithful 25.0, prlvs_repaired 25.0, random 25.0, importance_model 45.0
xmEERLqJ2kU: 12 shots, prlvs_faithful 75.5, prlvs_repaired 84.7, random 78.2, importance_model 93.2
xwqBXPGE9pQ: 31 shots, prlvs_faithful 43.1, prlvs_repaired 48.2, random 33.9, importance_model 48.2
xxdtq8mxegs: 12 shots, prlvs_faithful 70.3, prlvs_repaired 72.1, random 70.0, importance_model 79.6
z_6gVvQb2d0: 4 shots, prlvs_faithful 80.0, prlvs_repaired 80.0, random 20.0, importance_model 20.0

TVSum, 50 videos, KTS shots per video: median 24, budget 15%

                        F1 avg %  F1 max %
prlvs_faithful              56.1      82.2
prlvs_repaired              54.5      79.4
random                      54.9      83.6
importance_model            58.1      83.4
human_loo                   57.0      84.5
PRLVS as published          63.0          
